------------------------------------------------------------
TimeQuest Timing Analyzer Summary
------------------------------------------------------------

Type  : Slow 1100mV 85C Model Setup 'SW[0]'
Slack : -3.905
TNS   : -7.382

Type  : Slow 1100mV 85C Model Setup 'CLOCK_50'
Slack : -2.723
TNS   : -5.437

Type  : Slow 1100mV 85C Model Hold 'CLOCK_50'
Slack : 0.373
TNS   : 0.000

Type  : Slow 1100mV 85C Model Hold 'SW[0]'
Slack : 1.189
TNS   : 0.000

Type  : Slow 1100mV 85C Model Minimum Pulse Width 'CLOCK_50'
Slack : -0.394
TNS   : -1.308

Type  : Slow 1100mV 85C Model Minimum Pulse Width 'SW[0]'
Slack : 0.091
TNS   : 0.000

Type  : Slow 1100mV 0C Model Setup 'SW[0]'
Slack : -3.835
TNS   : -7.281

Type  : Slow 1100mV 0C Model Setup 'CLOCK_50'
Slack : -2.453
TNS   : -4.898

Type  : Slow 1100mV 0C Model Hold 'CLOCK_50'
Slack : 0.210
TNS   : 0.000

Type  : Slow 1100mV 0C Model Hold 'SW[0]'
Slack : 0.987
TNS   : 0.000

Type  : Slow 1100mV 0C Model Minimum Pulse Width 'CLOCK_50'
Slack : -0.394
TNS   : -1.192

Type  : Slow 1100mV 0C Model Minimum Pulse Width 'SW[0]'
Slack : 0.038
TNS   : 0.000

Type  : Fast 1100mV 85C Model Setup 'SW[0]'
Slack : -2.941
TNS   : -5.489

Type  : Fast 1100mV 85C Model Setup 'CLOCK_50'
Slack : -2.306
TNS   : -4.605

Type  : Fast 1100mV 85C Model Hold 'CLOCK_50'
Slack : 0.182
TNS   : 0.000

Type  : Fast 1100mV 85C Model Hold 'SW[0]'
Slack : 0.767
TNS   : 0.000

Type  : Fast 1100mV 85C Model Minimum Pulse Width 'CLOCK_50'
Slack : -0.393
TNS   : -1.330

Type  : Fast 1100mV 85C Model Minimum Pulse Width 'SW[0]'
Slack : -0.247
TNS   : -2.060

Type  : Fast 1100mV 0C Model Setup 'SW[0]'
Slack : -2.699
TNS   : -5.078

Type  : Fast 1100mV 0C Model Setup 'CLOCK_50'
Slack : -2.054
TNS   : -4.102

Type  : Fast 1100mV 0C Model Hold 'CLOCK_50'
Slack : 0.068
TNS   : 0.000

Type  : Fast 1100mV 0C Model Hold 'SW[0]'
Slack : 0.602
TNS   : 0.000

Type  : Fast 1100mV 0C Model Minimum Pulse Width 'CLOCK_50'
Slack : -0.431
TNS   : -1.649

Type  : Fast 1100mV 0C Model Minimum Pulse Width 'SW[0]'
Slack : -0.295
TNS   : -2.528

------------------------------------------------------------
