------------------------------------------------------------
TimeQuest Timing Analyzer Summary
------------------------------------------------------------

Type  : Slow 1100mV 85C Model Setup 'clock'
Slack : -7.944
TNS   : -268.728

Type  : Slow 1100mV 85C Model Setup 'input_controller:ic|ps[0]'
Slack : -6.982
TNS   : -118.749

Type  : Slow 1100mV 85C Model Hold 'clock'
Slack : -2.388
TNS   : -31.190

Type  : Slow 1100mV 85C Model Hold 'input_controller:ic|ps[0]'
Slack : 1.736
TNS   : 0.000

Type  : Slow 1100mV 85C Model Minimum Pulse Width 'clock'
Slack : -3.166
TNS   : -536.335

Type  : Slow 1100mV 85C Model Minimum Pulse Width 'input_controller:ic|ps[0]'
Slack : 0.093
TNS   : 0.000

Type  : Slow 1100mV 0C Model Setup 'clock'
Slack : -7.734
TNS   : -269.038

Type  : Slow 1100mV 0C Model Setup 'input_controller:ic|ps[0]'
Slack : -7.240
TNS   : -123.229

Type  : Slow 1100mV 0C Model Hold 'clock'
Slack : -2.528
TNS   : -33.195

Type  : Slow 1100mV 0C Model Hold 'input_controller:ic|ps[0]'
Slack : 1.720
TNS   : 0.000

Type  : Slow 1100mV 0C Model Minimum Pulse Width 'clock'
Slack : -3.166
TNS   : -535.857

Type  : Slow 1100mV 0C Model Minimum Pulse Width 'input_controller:ic|ps[0]'
Slack : 0.043
TNS   : 0.000

Type  : Fast 1100mV 85C Model Setup 'clock'
Slack : -3.297
TNS   : -76.067

Type  : Fast 1100mV 85C Model Setup 'input_controller:ic|ps[0]'
Slack : -2.177
TNS   : -35.488

Type  : Fast 1100mV 85C Model Hold 'clock'
Slack : -0.994
TNS   : -12.774

Type  : Fast 1100mV 85C Model Hold 'input_controller:ic|ps[0]'
Slack : 0.725
TNS   : 0.000

Type  : Fast 1100mV 85C Model Minimum Pulse Width 'clock'
Slack : -2.174
TNS   : -329.585

Type  : Fast 1100mV 85C Model Minimum Pulse Width 'input_controller:ic|ps[0]'
Slack : 0.267
TNS   : 0.000

Type  : Fast 1100mV 0C Model Setup 'clock'
Slack : -2.854
TNS   : -62.571

Type  : Fast 1100mV 0C Model Setup 'input_controller:ic|ps[0]'
Slack : -2.040
TNS   : -33.465

Type  : Fast 1100mV 0C Model Hold 'clock'
Slack : -1.019
TNS   : -13.427

Type  : Fast 1100mV 0C Model Hold 'input_controller:ic|ps[0]'
Slack : 0.738
TNS   : 0.000

Type  : Fast 1100mV 0C Model Minimum Pulse Width 'clock'
Slack : -2.174
TNS   : -329.759

Type  : Fast 1100mV 0C Model Minimum Pulse Width 'input_controller:ic|ps[0]'
Slack : 0.284
TNS   : 0.000

------------------------------------------------------------
