Analysis & Synthesis report for lab_general
Fri Dec 08 01:08:58 2023
Quartus Prime Version 17.0.0 Build 595 04/25/2017 SJ Lite Edition


---------------------
; Table of Contents ;
---------------------
  1. Legal Notice
  2. Analysis & Synthesis Summary
  3. Analysis & Synthesis Settings
  4. Parallel Compilation
  5. Analysis & Synthesis Source Files Read
  6. Analysis & Synthesis Resource Usage Summary
  7. Analysis & Synthesis Resource Utilization by Entity
  8. Analysis & Synthesis RAM Summary
  9. User-Specified and Inferred Latches
 10. Registers Removed During Synthesis
 11. General Register Statistics
 12. Multiplexer Restructuring Statistics (Restructuring Performed)
 13. Source assignments for input_datapath:idp|rom:rom|altsyncram:altsyncram_component|altsyncram_3qh1:auto_generated
 14. Parameter Settings for User Entity Instance: input_datapath:idp|rom:rom|altsyncram:altsyncram_component
 15. altsyncram Parameter Settings by Entity Instance
 16. Post-Synthesis Netlist Statistics for Top Partition
 17. Elapsed Time Per Partition
 18. Analysis & Synthesis Messages
 19. Analysis & Synthesis Suppressed Messages



----------------
; Legal Notice ;
----------------
Copyright (C) 2017  Intel Corporation. All rights reserved.
Your use of Intel Corporation's design tools, logic functions 
and other software and tools, and its AMPP partner logic 
functions, and any output files from any of the foregoing 
(including device programming or simulation files), and any 
associated documentation or information are expressly subject 
to the terms and conditions of the Intel Program License 
Subscription Agreement, the Intel Quartus Prime License Agreement,
the Intel MegaCore Function License Agreement, or other 
applicable license agreement, including, without limitation, 
that your use is for the sole purpose of programming logic 
devices manufactured by Intel and sold by Intel or its 
authorized distributors.  Please refer to the applicable 
agreement for further details.



+-------------------------------------------------------------------------------+
; Analysis & Synthesis Summary                                                  ;
+---------------------------------+---------------------------------------------+
; Analysis & Synthesis Status     ; Successful - Fri Dec 08 01:08:58 2023       ;
; Quartus Prime Version           ; 17.0.0 Build 595 04/25/2017 SJ Lite Edition ;
; Revision Name                   ; lab_general                                 ;
; Top-level Entity Name           ; input_handler                               ;
; Family                          ; Cyclone V                                   ;
; Logic utilization (in ALMs)     ; N/A                                         ;
; Total registers                 ; 36                                          ;
; Total pins                      ; 114                                         ;
; Total virtual pins              ; 0                                           ;
; Total block memory bits         ; 792                                         ;
; Total DSP Blocks                ; 0                                           ;
; Total HSSI RX PCSs              ; 0                                           ;
; Total HSSI PMA RX Deserializers ; 0                                           ;
; Total HSSI TX PCSs              ; 0                                           ;
; Total HSSI PMA TX Serializers   ; 0                                           ;
; Total PLLs                      ; 0                                           ;
; Total DLLs                      ; 0                                           ;
+---------------------------------+---------------------------------------------+


+---------------------------------------------------------------------------------------------------------------------------+
; Analysis & Synthesis Settings                                                                                             ;
+---------------------------------------------------------------------------------+--------------------+--------------------+
; Option                                                                          ; Setting            ; Default Value      ;
+---------------------------------------------------------------------------------+--------------------+--------------------+
; Device                                                                          ; 5CGXFC7C7F23C8     ;                    ;
; Top-level entity name                                                           ; input_handler      ; lab_general        ;
; Family name                                                                     ; Cyclone V          ; Cyclone V          ;
; Use smart compilation                                                           ; Off                ; Off                ;
; Enable parallel Assembler and TimeQuest Timing Analyzer during compilation      ; On                 ; On                 ;
; Enable compact report table                                                     ; Off                ; Off                ;
; Restructure Multiplexers                                                        ; Auto               ; Auto               ;
; MLAB Add Timing Constraints For Mixed-Port Feed-Through Mode Setting Don't Care ; Off                ; Off                ;
; Create Debugging Nodes for IP Cores                                             ; Off                ; Off                ;
; Preserve fewer node names                                                       ; On                 ; On                 ;
; OpenCore Plus hardware evaluation                                               ; Enable             ; Enable             ;
; Verilog Version                                                                 ; Verilog_2001       ; Verilog_2001       ;
; VHDL Version                                                                    ; VHDL_1993          ; VHDL_1993          ;
; State Machine Processing                                                        ; Auto               ; Auto               ;
; Safe State Machine                                                              ; Off                ; Off                ;
; Extract Verilog State Machines                                                  ; On                 ; On                 ;
; Extract VHDL State Machines                                                     ; On                 ; On                 ;
; Ignore Verilog initial constructs                                               ; Off                ; Off                ;
; Iteration limit for constant Verilog loops                                      ; 5000               ; 5000               ;
; Iteration limit for non-constant Verilog loops                                  ; 250                ; 250                ;
; Add Pass-Through Logic to Inferred RAMs                                         ; On                 ; On                 ;
; Infer RAMs from Raw Logic                                                       ; On                 ; On                 ;
; Parallel Synthesis                                                              ; On                 ; On                 ;
; DSP Block Balancing                                                             ; Auto               ; Auto               ;
; NOT Gate Push-Back                                                              ; On                 ; On                 ;
; Power-Up Don't Care                                                             ; On                 ; On                 ;
; Remove Redundant Logic Cells                                                    ; Off                ; Off                ;
; Remove Duplicate Registers                                                      ; On                 ; On                 ;
; Ignore CARRY Buffers                                                            ; Off                ; Off                ;
; Ignore CASCADE Buffers                                                          ; Off                ; Off                ;
; Ignore GLOBAL Buffers                                                           ; Off                ; Off                ;
; Ignore ROW GLOBAL Buffers                                                       ; Off                ; Off                ;
; Ignore LCELL Buffers                                                            ; Off                ; Off                ;
; Ignore SOFT Buffers                                                             ; On                 ; On                 ;
; Limit AHDL Integers to 32 Bits                                                  ; Off                ; Off                ;
; Optimization Technique                                                          ; Balanced           ; Balanced           ;
; Carry Chain Length                                                              ; 70                 ; 70                 ;
; Auto Carry Chains                                                               ; On                 ; On                 ;
; Auto Open-Drain Pins                                                            ; On                 ; On                 ;
; Perform WYSIWYG Primitive Resynthesis                                           ; Off                ; Off                ;
; Auto ROM Replacement                                                            ; On                 ; On                 ;
; Auto RAM Replacement                                                            ; On                 ; On                 ;
; Auto DSP Block Replacement                                                      ; On                 ; On                 ;
; Auto Shift Register Replacement                                                 ; Auto               ; Auto               ;
; Allow Shift Register Merging across Hierarchies                                 ; Auto               ; Auto               ;
; Auto Clock Enable Replacement                                                   ; On                 ; On                 ;
; Strict RAM Replacement                                                          ; Off                ; Off                ;
; Allow Synchronous Control Signals                                               ; On                 ; On                 ;
; Force Use of Synchronous Clear Signals                                          ; Off                ; Off                ;
; Auto Resource Sharing                                                           ; Off                ; Off                ;
; Allow Any RAM Size For Recognition                                              ; Off                ; Off                ;
; Allow Any ROM Size For Recognition                                              ; Off                ; Off                ;
; Allow Any Shift Register Size For Recognition                                   ; Off                ; Off                ;
; Use LogicLock Constraints during Resource Balancing                             ; On                 ; On                 ;
; Ignore translate_off and synthesis_off directives                               ; Off                ; Off                ;
; Timing-Driven Synthesis                                                         ; On                 ; On                 ;
; Report Parameter Settings                                                       ; On                 ; On                 ;
; Report Source Assignments                                                       ; On                 ; On                 ;
; Report Connectivity Checks                                                      ; On                 ; On                 ;
; Ignore Maximum Fan-Out Assignments                                              ; Off                ; Off                ;
; Synchronization Register Chain Length                                           ; 3                  ; 3                  ;
; PowerPlay Power Optimization During Synthesis                                   ; Normal compilation ; Normal compilation ;
; HDL message level                                                               ; Level2             ; Level2             ;
; Suppress Register Optimization Related Messages                                 ; Off                ; Off                ;
; Number of Removed Registers Reported in Synthesis Report                        ; 5000               ; 5000               ;
; Number of Swept Nodes Reported in Synthesis Report                              ; 5000               ; 5000               ;
; Number of Inverted Registers Reported in Synthesis Report                       ; 100                ; 100                ;
; Clock MUX Protection                                                            ; On                 ; On                 ;
; Auto Gated Clock Conversion                                                     ; Off                ; Off                ;
; Block Design Naming                                                             ; Auto               ; Auto               ;
; SDC constraint protection                                                       ; Off                ; Off                ;
; Synthesis Effort                                                                ; Auto               ; Auto               ;
; Shift Register Replacement - Allow Asynchronous Clear Signal                    ; On                 ; On                 ;
; Pre-Mapping Resynthesis Optimization                                            ; Off                ; Off                ;
; Analysis & Synthesis Message Level                                              ; Medium             ; Medium             ;
; Disable Register Merging Across Hierarchies                                     ; Auto               ; Auto               ;
; Resource Aware Inference For Block RAM                                          ; On                 ; On                 ;
; Automatic Parallel Synthesis                                                    ; On                 ; On                 ;
; Partial Reconfiguration Bitstream ID                                            ; Off                ; Off                ;
+---------------------------------------------------------------------------------+--------------------+--------------------+


+------------------------------------------+
; Parallel Compilation                     ;
+----------------------------+-------------+
; Processors                 ; Number      ;
+----------------------------+-------------+
; Number detected on machine ; 16          ;
; Maximum allowed            ; 12          ;
;                            ;             ;
; Average used               ; 1.00        ;
; Maximum used               ; 12          ;
;                            ;             ;
; Usage by Processor         ; % Time Used ;
;     Processor 1            ; 100.0%      ;
;     Processor 2            ;   0.0%      ;
;     Processors 3-12        ;   0.0%      ;
+----------------------------+-------------+


+--------------------------------------------------------------------------------------------------------------------------------------------------------------------------------+
; Analysis & Synthesis Source Files Read                                                                                                                                         ;
+----------------------------------+-----------------+----------------------------------+------------------------------------------------------------------------------+---------+
; File Name with User-Entered Path ; Used in Netlist ; File Type                        ; File Name with Absolute Path                                                 ; Library ;
+----------------------------------+-----------------+----------------------------------+------------------------------------------------------------------------------+---------+
; rom.v                            ; yes             ; User Wizard-Generated File       ; C:/Users/noah-/Documents/CSE371/lab6/rom.v                                   ;         ;
; tic_tac_toe.mif                  ; yes             ; User Memory Initialization File  ; C:/Users/noah-/Documents/CSE371/lab6/tic_tac_toe.mif                         ;         ;
; input_handler.sv                 ; yes             ; User SystemVerilog HDL File      ; C:/Users/noah-/Documents/CSE371/lab6/input_handler.sv                        ;         ;
; input_datapath.sv                ; yes             ; User SystemVerilog HDL File      ; C:/Users/noah-/Documents/CSE371/lab6/input_datapath.sv                       ;         ;
; input_controller.sv              ; yes             ; User SystemVerilog HDL File      ; C:/Users/noah-/Documents/CSE371/lab6/input_controller.sv                     ;         ;
; address_decoder.sv               ; yes             ; User SystemVerilog HDL File      ; C:/Users/noah-/Documents/CSE371/lab6/address_decoder.sv                      ;         ;
; validate_move.sv                 ; yes             ; User SystemVerilog HDL File      ; C:/Users/noah-/Documents/CSE371/lab6/validate_move.sv                        ;         ;
; set_move.sv                      ; yes             ; User SystemVerilog HDL File      ; C:/Users/noah-/Documents/CSE371/lab6/set_move.sv                             ;         ;
; altsyncram.tdf                   ; yes             ; Megafunction                     ; c:/intelfpga_lite/17.0/quartus/libraries/megafunctions/altsyncram.tdf        ;         ;
; stratix_ram_block.inc            ; yes             ; Megafunction                     ; c:/intelfpga_lite/17.0/quartus/libraries/megafunctions/stratix_ram_block.inc ;         ;
; lpm_mux.inc                      ; yes             ; Megafunction                     ; c:/intelfpga_lite/17.0/quartus/libraries/megafunctions/lpm_mux.inc           ;         ;
; lpm_decode.inc                   ; yes             ; Megafunction                     ; c:/intelfpga_lite/17.0/quartus/libraries/megafunctions/lpm_decode.inc        ;         ;
; aglobal170.inc                   ; yes             ; Megafunction                     ; c:/intelfpga_lite/17.0/quartus/libraries/megafunctions/aglobal170.inc        ;         ;
; a_rdenreg.inc                    ; yes             ; Megafunction                     ; c:/intelfpga_lite/17.0/quartus/libraries/megafunctions/a_rdenreg.inc         ;         ;
; altrom.inc                       ; yes             ; Megafunction                     ; c:/intelfpga_lite/17.0/quartus/libraries/megafunctions/altrom.inc            ;         ;
; altram.inc                       ; yes             ; Megafunction                     ; c:/intelfpga_lite/17.0/quartus/libraries/megafunctions/altram.inc            ;         ;
; altdpram.inc                     ; yes             ; Megafunction                     ; c:/intelfpga_lite/17.0/quartus/libraries/megafunctions/altdpram.inc          ;         ;
; db/altsyncram_3qh1.tdf           ; yes             ; Auto-Generated Megafunction      ; C:/Users/noah-/Documents/CSE371/lab6/db/altsyncram_3qh1.tdf                  ;         ;
+----------------------------------+-----------------+----------------------------------+------------------------------------------------------------------------------+---------+


+-----------------------------------------------------------+
; Analysis & Synthesis Resource Usage Summary               ;
+---------------------------------------------+-------------+
; Resource                                    ; Usage       ;
+---------------------------------------------+-------------+
; Estimate of Logic utilization (ALMs needed) ; 77          ;
;                                             ;             ;
; Combinational ALUT usage for logic          ; 107         ;
;     -- 7 input functions                    ; 0           ;
;     -- 6 input functions                    ; 44          ;
;     -- 5 input functions                    ; 12          ;
;     -- 4 input functions                    ; 28          ;
;     -- <=3 input functions                  ; 23          ;
;                                             ;             ;
; Dedicated logic registers                   ; 36          ;
;                                             ;             ;
; I/O pins                                    ; 114         ;
; Total MLAB memory bits                      ; 0           ;
; Total block memory bits                     ; 792         ;
;                                             ;             ;
; Total DSP Blocks                            ; 0           ;
;                                             ;             ;
; Maximum fan-out node                        ; clock~input ;
; Maximum fan-out                             ; 124         ;
; Total fan-out                               ; 1272        ;
; Average fan-out                             ; 2.77        ;
+---------------------------------------------+-------------+


+----------------------------------------------------------------------------------------------------------------------------------------------------------------------------------------------------------------------------------------------------------------------------------------------------+
; Analysis & Synthesis Resource Utilization by Entity                                                                                                                                                                                                                                                ;
+----------------------------------------------+---------------------+---------------------------+-------------------+------------+------+--------------+----------------------------------------------------------------------------------------------------------+------------------+--------------+
; Compilation Hierarchy Node                   ; Combinational ALUTs ; Dedicated Logic Registers ; Block Memory Bits ; DSP Blocks ; Pins ; Virtual Pins ; Full Hierarchy Name                                                                                      ; Entity Name      ; Library Name ;
+----------------------------------------------+---------------------+---------------------------+-------------------+------------+------+--------------+----------------------------------------------------------------------------------------------------------+------------------+--------------+
; |input_handler                               ; 107 (0)             ; 36 (0)                    ; 792               ; 0          ; 114  ; 0            ; |input_handler                                                                                           ; input_handler    ; work         ;
;    |input_controller:ic|                     ; 22 (22)             ; 4 (4)                     ; 0                 ; 0          ; 0    ; 0            ; |input_handler|input_controller:ic                                                                       ; input_controller ; work         ;
;    |input_datapath:idp|                      ; 85 (9)              ; 32 (28)                   ; 792               ; 0          ; 0    ; 0            ; |input_handler|input_datapath:idp                                                                        ; input_datapath   ; work         ;
;       |address_decoder:addresser|            ; 22 (22)             ; 4 (4)                     ; 0                 ; 0          ; 0    ; 0            ; |input_handler|input_datapath:idp|address_decoder:addresser                                              ; address_decoder  ; work         ;
;       |rom:rom|                              ; 0 (0)               ; 0 (0)                     ; 792               ; 0          ; 0    ; 0            ; |input_handler|input_datapath:idp|rom:rom                                                                ; rom              ; work         ;
;          |altsyncram:altsyncram_component|   ; 0 (0)               ; 0 (0)                     ; 792               ; 0          ; 0    ; 0            ; |input_handler|input_datapath:idp|rom:rom|altsyncram:altsyncram_component                                ; altsyncram       ; work         ;
;             |altsyncram_3qh1:auto_generated| ; 0 (0)               ; 0 (0)                     ; 792               ; 0          ; 0    ; 0            ; |input_handler|input_datapath:idp|rom:rom|altsyncram:altsyncram_component|altsyncram_3qh1:auto_generated ; altsyncram_3qh1  ; work         ;
;       |set_move:setter|                      ; 54 (54)             ; 0 (0)                     ; 0                 ; 0          ; 0    ; 0            ; |input_handler|input_datapath:idp|set_move:setter                                                        ; set_move         ; work         ;
+----------------------------------------------+---------------------+---------------------------+-------------------+------------+------+--------------+----------------------------------------------------------------------------------------------------------+------------------+--------------+
Note: For table entries with two numbers listed, the numbers in parentheses indicate the number of resources of the given type used by the specific entity alone. The numbers listed outside of parentheses indicate the total resources of the given type used by the specific entity and all of its sub-entities in the hierarchy.


+---------------------------------------------------------------------------------------------------------------------------------------------------------------------------------------------------------------+
; Analysis & Synthesis RAM Summary                                                                                                                                                                              ;
+------------------------------------------------------------------------------------------------------+------------+------+--------------+--------------+--------------+--------------+------+-----------------+
; Name                                                                                                 ; Type       ; Mode ; Port A Depth ; Port A Width ; Port B Depth ; Port B Width ; Size ; MIF             ;
+------------------------------------------------------------------------------------------------------+------------+------+--------------+--------------+--------------+--------------+------+-----------------+
; input_datapath:idp|rom:rom|altsyncram:altsyncram_component|altsyncram_3qh1:auto_generated|ALTSYNCRAM ; M10K block ; ROM  ; 9            ; 88           ; --           ; --           ; 792  ; tic_tac_toe.mif ;
+------------------------------------------------------------------------------------------------------+------------+------+--------------+--------------+--------------+--------------+------+-----------------+


+----------------------------------------------------------------------------------------------------------------------------------+
; User-Specified and Inferred Latches                                                                                              ;
+---------------------------------------------------------+-----------------------------------------------+------------------------+
; Latch Name                                              ; Latch Enable Signal                           ; Free of Timing Hazards ;
+---------------------------------------------------------+-----------------------------------------------+------------------------+
; input_datapath:idp|set_move:setter|gamestate_next[0][0] ; input_datapath:idp|set_move:setter|Selector24 ; yes                    ;
; input_datapath:idp|set_move:setter|gamestate_next[0][1] ; input_datapath:idp|set_move:setter|Selector24 ; yes                    ;
; input_datapath:idp|set_move:setter|gamestate_next[1][0] ; input_datapath:idp|set_move:setter|Selector23 ; yes                    ;
; input_datapath:idp|set_move:setter|gamestate_next[1][1] ; input_datapath:idp|set_move:setter|Selector23 ; yes                    ;
; input_datapath:idp|set_move:setter|gamestate_next[2][0] ; input_datapath:idp|set_move:setter|Selector22 ; yes                    ;
; input_datapath:idp|set_move:setter|gamestate_next[2][1] ; input_datapath:idp|set_move:setter|Selector22 ; yes                    ;
; input_datapath:idp|set_move:setter|gamestate_next[3][1] ; input_datapath:idp|set_move:setter|Selector21 ; yes                    ;
; input_datapath:idp|set_move:setter|gamestate_next[3][0] ; input_datapath:idp|set_move:setter|Selector21 ; yes                    ;
; input_datapath:idp|set_move:setter|gamestate_next[4][1] ; input_datapath:idp|set_move:setter|Selector20 ; yes                    ;
; input_datapath:idp|set_move:setter|gamestate_next[4][0] ; input_datapath:idp|set_move:setter|Selector20 ; yes                    ;
; input_datapath:idp|set_move:setter|gamestate_next[5][1] ; input_datapath:idp|set_move:setter|Selector19 ; yes                    ;
; input_datapath:idp|set_move:setter|gamestate_next[5][0] ; input_datapath:idp|set_move:setter|Selector19 ; yes                    ;
; input_datapath:idp|set_move:setter|gamestate_next[6][1] ; input_datapath:idp|set_move:setter|Selector18 ; yes                    ;
; input_datapath:idp|set_move:setter|gamestate_next[6][0] ; input_datapath:idp|set_move:setter|Selector18 ; yes                    ;
; input_datapath:idp|set_move:setter|gamestate_next[7][1] ; input_datapath:idp|set_move:setter|Selector17 ; yes                    ;
; input_datapath:idp|set_move:setter|gamestate_next[7][0] ; input_datapath:idp|set_move:setter|Selector17 ; yes                    ;
; input_datapath:idp|set_move:setter|gamestate_next[8][1] ; input_datapath:idp|set_move:setter|Selector16 ; yes                    ;
; input_datapath:idp|set_move:setter|gamestate_next[8][0] ; input_datapath:idp|set_move:setter|Selector16 ; yes                    ;
; Number of user-specified and inferred latches = 18      ;                                               ;                        ;
+---------------------------------------------------------+-----------------------------------------------+------------------------+
Note: All latches listed above may not be present at the end of synthesis due to various synthesis optimizations.


+---------------------------------------------------------------------------------+
; Registers Removed During Synthesis                                              ;
+----------------------------------------+----------------------------------------+
; Register name                          ; Reason for Removal                     ;
+----------------------------------------+----------------------------------------+
; input_controller:ic|ps[3..31]          ; Stuck at GND due to stuck port data_in ;
; Total Number of Removed Registers = 29 ;                                        ;
+----------------------------------------+----------------------------------------+


+------------------------------------------------------+
; General Register Statistics                          ;
+----------------------------------------------+-------+
; Statistic                                    ; Value ;
+----------------------------------------------+-------+
; Total registers                              ; 36    ;
; Number of registers using Synchronous Clear  ; 26    ;
; Number of registers using Synchronous Load   ; 0     ;
; Number of registers using Asynchronous Clear ; 0     ;
; Number of registers using Asynchronous Load  ; 0     ;
; Number of registers using Clock Enable       ; 29    ;
; Number of registers using Preset             ; 0     ;
+----------------------------------------------+-------+


+---------------------------------------------------------------------------------------------------------------------------------------------------------+
; Multiplexer Restructuring Statistics (Restructuring Performed)                                                                                          ;
+--------------------+-----------+---------------+----------------------+------------------------+------------+-------------------------------------------+
; Multiplexer Inputs ; Bus Width ; Baseline Area ; Area if Restructured ; Saving if Restructured ; Registered ; Example Multiplexer Output                ;
+--------------------+-----------+---------------+----------------------+------------------------+------------+-------------------------------------------+
; 3:1                ; 19 bits   ; 38 LEs        ; 0 LEs                ; 38 LEs                 ; Yes        ; |input_handler|input_controller:ic|player ;
+--------------------+-----------+---------------+----------------------+------------------------+------------+-------------------------------------------+


+------------------------------------------------------------------------------------------------------------------+
; Source assignments for input_datapath:idp|rom:rom|altsyncram:altsyncram_component|altsyncram_3qh1:auto_generated ;
+---------------------------------+--------------------+------+----------------------------------------------------+
; Assignment                      ; Value              ; From ; To                                                 ;
+---------------------------------+--------------------+------+----------------------------------------------------+
; OPTIMIZE_POWER_DURING_SYNTHESIS ; NORMAL_COMPILATION ; -    ; -                                                  ;
+---------------------------------+--------------------+------+----------------------------------------------------+


+---------------------------------------------------------------------------------------------------------+
; Parameter Settings for User Entity Instance: input_datapath:idp|rom:rom|altsyncram:altsyncram_component ;
+------------------------------------+----------------------+---------------------------------------------+
; Parameter Name                     ; Value                ; Type                                        ;
+------------------------------------+----------------------+---------------------------------------------+
; BYTE_SIZE_BLOCK                    ; 8                    ; Untyped                                     ;
; AUTO_CARRY_CHAINS                  ; ON                   ; AUTO_CARRY                                  ;
; IGNORE_CARRY_BUFFERS               ; OFF                  ; IGNORE_CARRY                                ;
; AUTO_CASCADE_CHAINS                ; ON                   ; AUTO_CASCADE                                ;
; IGNORE_CASCADE_BUFFERS             ; OFF                  ; IGNORE_CASCADE                              ;
; WIDTH_BYTEENA                      ; 1                    ; Untyped                                     ;
; OPERATION_MODE                     ; ROM                  ; Untyped                                     ;
; WIDTH_A                            ; 88                   ; Signed Integer                              ;
; WIDTHAD_A                          ; 4                    ; Signed Integer                              ;
; NUMWORDS_A                         ; 9                    ; Signed Integer                              ;
; OUTDATA_REG_A                      ; CLOCK0               ; Untyped                                     ;
; ADDRESS_ACLR_A                     ; NONE                 ; Untyped                                     ;
; OUTDATA_ACLR_A                     ; NONE                 ; Untyped                                     ;
; WRCONTROL_ACLR_A                   ; NONE                 ; Untyped                                     ;
; INDATA_ACLR_A                      ; NONE                 ; Untyped                                     ;
; BYTEENA_ACLR_A                     ; NONE                 ; Untyped                                     ;
; WIDTH_B                            ; 1                    ; Untyped                                     ;
; WIDTHAD_B                          ; 1                    ; Untyped                                     ;
; NUMWORDS_B                         ; 1                    ; Untyped                                     ;
; INDATA_REG_B                       ; CLOCK1               ; Untyped                                     ;
; WRCONTROL_WRADDRESS_REG_B          ; CLOCK1               ; Untyped                                     ;
; RDCONTROL_REG_B                    ; CLOCK1               ; Untyped                                     ;
; ADDRESS_REG_B                      ; CLOCK1               ; Untyped                                     ;
; OUTDATA_REG_B                      ; UNREGISTERED         ; Untyped                                     ;
; BYTEENA_REG_B                      ; CLOCK1               ; Untyped                                     ;
; INDATA_ACLR_B                      ; NONE                 ; Untyped                                     ;
; WRCONTROL_ACLR_B                   ; NONE                 ; Untyped                                     ;
; ADDRESS_ACLR_B                     ; NONE                 ; Untyped                                     ;
; OUTDATA_ACLR_B                     ; NONE                 ; Untyped                                     ;
; RDCONTROL_ACLR_B                   ; NONE                 ; Untyped                                     ;
; BYTEENA_ACLR_B                     ; NONE                 ; Untyped                                     ;
; WIDTH_BYTEENA_A                    ; 1                    ; Signed Integer                              ;
; WIDTH_BYTEENA_B                    ; 1                    ; Untyped                                     ;
; RAM_BLOCK_TYPE                     ; M10K                 ; Untyped                                     ;
; BYTE_SIZE                          ; 8                    ; Untyped                                     ;
; READ_DURING_WRITE_MODE_MIXED_PORTS ; DONT_CARE            ; Untyped                                     ;
; READ_DURING_WRITE_MODE_PORT_A      ; NEW_DATA_NO_NBE_READ ; Untyped                                     ;
; READ_DURING_WRITE_MODE_PORT_B      ; NEW_DATA_NO_NBE_READ ; Untyped                                     ;
; INIT_FILE                          ; tic_tac_toe.mif      ; Untyped                                     ;
; INIT_FILE_LAYOUT                   ; PORT_A               ; Untyped                                     ;
; MAXIMUM_DEPTH                      ; 0                    ; Untyped                                     ;
; CLOCK_ENABLE_INPUT_A               ; BYPASS               ; Untyped                                     ;
; CLOCK_ENABLE_INPUT_B               ; NORMAL               ; Untyped                                     ;
; CLOCK_ENABLE_OUTPUT_A              ; BYPASS               ; Untyped                                     ;
; CLOCK_ENABLE_OUTPUT_B              ; NORMAL               ; Untyped                                     ;
; CLOCK_ENABLE_CORE_A                ; USE_INPUT_CLKEN      ; Untyped                                     ;
; CLOCK_ENABLE_CORE_B                ; USE_INPUT_CLKEN      ; Untyped                                     ;
; ENABLE_ECC                         ; FALSE                ; Untyped                                     ;
; ECC_PIPELINE_STAGE_ENABLED         ; FALSE                ; Untyped                                     ;
; WIDTH_ECCSTATUS                    ; 3                    ; Untyped                                     ;
; DEVICE_FAMILY                      ; Cyclone V            ; Untyped                                     ;
; CBXI_PARAMETER                     ; altsyncram_3qh1      ; Untyped                                     ;
+------------------------------------+----------------------+---------------------------------------------+
Note: In order to hide this table in the UI and the text report file, please set the "Show Parameter Settings in Synthesis Report" option in "Analysis and Synthesis Settings -> More Settings" to "Off".


+--------------------------------------------------------------------------------------------------------+
; altsyncram Parameter Settings by Entity Instance                                                       ;
+-------------------------------------------+------------------------------------------------------------+
; Name                                      ; Value                                                      ;
+-------------------------------------------+------------------------------------------------------------+
; Number of entity instances                ; 1                                                          ;
; Entity Instance                           ; input_datapath:idp|rom:rom|altsyncram:altsyncram_component ;
;     -- OPERATION_MODE                     ; ROM                                                        ;
;     -- WIDTH_A                            ; 88                                                         ;
;     -- NUMWORDS_A                         ; 9                                                          ;
;     -- OUTDATA_REG_A                      ; CLOCK0                                                     ;
;     -- WIDTH_B                            ; 1                                                          ;
;     -- NUMWORDS_B                         ; 1                                                          ;
;     -- ADDRESS_REG_B                      ; CLOCK1                                                     ;
;     -- OUTDATA_REG_B                      ; UNREGISTERED                                               ;
;     -- RAM_BLOCK_TYPE                     ; M10K                                                       ;
;     -- READ_DURING_WRITE_MODE_MIXED_PORTS ; DONT_CARE                                                  ;
+-------------------------------------------+------------------------------------------------------------+


+-----------------------------------------------------+
; Post-Synthesis Netlist Statistics for Top Partition ;
+-----------------------+-----------------------------+
; Type                  ; Count                       ;
+-----------------------+-----------------------------+
; arriav_ff             ; 36                          ;
;     ENA               ; 10                          ;
;     ENA SCLR          ; 19                          ;
;     SCLR              ; 7                           ;
; arriav_lcell_comb     ; 108                         ;
;     normal            ; 108                         ;
;         0 data inputs ; 1                           ;
;         1 data inputs ; 1                           ;
;         2 data inputs ; 11                          ;
;         3 data inputs ; 11                          ;
;         4 data inputs ; 28                          ;
;         5 data inputs ; 12                          ;
;         6 data inputs ; 44                          ;
; boundary_port         ; 114                         ;
; stratixv_ram_block    ; 88                          ;
;                       ;                             ;
; Max LUT depth         ; 4.00                        ;
; Average LUT depth     ; 1.89                        ;
+-----------------------+-----------------------------+


+-------------------------------+
; Elapsed Time Per Partition    ;
+----------------+--------------+
; Partition Name ; Elapsed Time ;
+----------------+--------------+
; Top            ; 00:00:01     ;
+----------------+--------------+


+-------------------------------+
; Analysis & Synthesis Messages ;
+-------------------------------+
Info: *******************************************************************
Info: Running Quartus Prime Analysis & Synthesis
    Info: Version 17.0.0 Build 595 04/25/2017 SJ Lite Edition
    Info: Processing started: Fri Dec 08 01:08:43 2023
Info: Command: quartus_map --read_settings_files=on --write_settings_files=off lab_general -c lab_general
Warning (18236): Number of processors has not been specified which may cause overloading on shared machines.  Set the global assignment NUM_PARALLEL_PROCESSORS in your QSF to an appropriate value for best performance.
Info (20030): Parallel compilation is enabled and will use 12 of the 12 processors detected
Info (12021): Found 1 design units, including 1 entities, in source file rom.v
    Info (12023): Found entity 1: rom File: C:/Users/noah-/Documents/CSE371/lab6/rom.v Line: 40
Info (12021): Found 2 design units, including 2 entities, in source file input_handler.sv
    Info (12023): Found entity 1: input_handler File: C:/Users/noah-/Documents/CSE371/lab6/input_handler.sv Line: 1
    Info (12023): Found entity 2: input_handler_tb File: C:/Users/noah-/Documents/CSE371/lab6/input_handler.sv Line: 32
Info (12021): Found 2 design units, including 2 entities, in source file input_datapath.sv
    Info (12023): Found entity 1: input_datapath File: C:/Users/noah-/Documents/CSE371/lab6/input_datapath.sv Line: 1
    Info (12023): Found entity 2: input_datapath_tb File: C:/Users/noah-/Documents/CSE371/lab6/input_datapath.sv Line: 43
Info (12021): Found 2 design units, including 2 entities, in source file input_controller.sv
    Info (12023): Found entity 1: input_controller File: C:/Users/noah-/Documents/CSE371/lab6/input_controller.sv Line: 1
    Info (12023): Found entity 2: input_controller_tb File: C:/Users/noah-/Documents/CSE371/lab6/input_controller.sv Line: 42
Info (12021): Found 1 design units, including 1 entities, in source file address_decoder.sv
    Info (12023): Found entity 1: address_decoder File: C:/Users/noah-/Documents/CSE371/lab6/address_decoder.sv Line: 1
Info (12021): Found 2 design units, including 2 entities, in source file validate_move.sv
    Info (12023): Found entity 1: validate_move File: C:/Users/noah-/Documents/CSE371/lab6/validate_move.sv Line: 1
    Info (12023): Found entity 2: validate_move_tb File: C:/Users/noah-/Documents/CSE371/lab6/validate_move.sv Line: 43
Info (12021): Found 2 design units, including 2 entities, in source file set_move.sv
    Info (12023): Found entity 1: set_move File: C:/Users/noah-/Documents/CSE371/lab6/set_move.sv Line: 1
    Info (12023): Found entity 2: set_move_tb File: C:/Users/noah-/Documents/CSE371/lab6/set_move.sv Line: 66
Info (12127): Elaborating entity "input_handler" for the top level hierarchy
Info (12128): Elaborating entity "input_controller" for hierarchy "input_controller:ic" File: C:/Users/noah-/Documents/CSE371/lab6/input_handler.sv Line: 20
Info (12128): Elaborating entity "input_datapath" for hierarchy "input_datapath:idp" File: C:/Users/noah-/Documents/CSE371/lab6/input_handler.sv Line: 28
Info (12128): Elaborating entity "validate_move" for hierarchy "input_datapath:idp|validate_move:validator" File: C:/Users/noah-/Documents/CSE371/lab6/input_datapath.sv Line: 36
Info (12128): Elaborating entity "set_move" for hierarchy "input_datapath:idp|set_move:setter" File: C:/Users/noah-/Documents/CSE371/lab6/input_datapath.sv Line: 37
Info (10264): Verilog HDL Case Statement information at set_move.sv(14): all case item expressions in this case statement are onehot File: C:/Users/noah-/Documents/CSE371/lab6/set_move.sv Line: 14
Info (10041): Inferred latch for "gamestate_next[0][0]" at set_move.sv(14) File: C:/Users/noah-/Documents/CSE371/lab6/set_move.sv Line: 14
Info (10041): Inferred latch for "gamestate_next[0][1]" at set_move.sv(14) File: C:/Users/noah-/Documents/CSE371/lab6/set_move.sv Line: 14
Info (10041): Inferred latch for "gamestate_next[1][0]" at set_move.sv(14) File: C:/Users/noah-/Documents/CSE371/lab6/set_move.sv Line: 14
Info (10041): Inferred latch for "gamestate_next[1][1]" at set_move.sv(14) File: C:/Users/noah-/Documents/CSE371/lab6/set_move.sv Line: 14
Info (10041): Inferred latch for "gamestate_next[2][0]" at set_move.sv(14) File: C:/Users/noah-/Documents/CSE371/lab6/set_move.sv Line: 14
Info (10041): Inferred latch for "gamestate_next[2][1]" at set_move.sv(14) File: C:/Users/noah-/Documents/CSE371/lab6/set_move.sv Line: 14
Info (10041): Inferred latch for "gamestate_next[3][0]" at set_move.sv(14) File: C:/Users/noah-/Documents/CSE371/lab6/set_move.sv Line: 14
Info (10041): Inferred latch for "gamestate_next[3][1]" at set_move.sv(14) File: C:/Users/noah-/Documents/CSE371/lab6/set_move.sv Line: 14
Info (10041): Inferred latch for "gamestate_next[4][0]" at set_move.sv(14) File: C:/Users/noah-/Documents/CSE371/lab6/set_move.sv Line: 14
Info (10041): Inferred latch for "gamestate_next[4][1]" at set_move.sv(14) File: C:/Users/noah-/Documents/CSE371/lab6/set_move.sv Line: 14
Info (10041): Inferred latch for "gamestate_next[5][0]" at set_move.sv(14) File: C:/Users/noah-/Documents/CSE371/lab6/set_move.sv Line: 14
Info (10041): Inferred latch for "gamestate_next[5][1]" at set_move.sv(14) File: C:/Users/noah-/Documents/CSE371/lab6/set_move.sv Line: 14
Info (10041): Inferred latch for "gamestate_next[6][0]" at set_move.sv(14) File: C:/Users/noah-/Documents/CSE371/lab6/set_move.sv Line: 14
Info (10041): Inferred latch for "gamestate_next[6][1]" at set_move.sv(14) File: C:/Users/noah-/Documents/CSE371/lab6/set_move.sv Line: 14
Info (10041): Inferred latch for "gamestate_next[7][0]" at set_move.sv(14) File: C:/Users/noah-/Documents/CSE371/lab6/set_move.sv Line: 14
Info (10041): Inferred latch for "gamestate_next[7][1]" at set_move.sv(14) File: C:/Users/noah-/Documents/CSE371/lab6/set_move.sv Line: 14
Info (10041): Inferred latch for "gamestate_next[8][0]" at set_move.sv(14) File: C:/Users/noah-/Documents/CSE371/lab6/set_move.sv Line: 14
Info (10041): Inferred latch for "gamestate_next[8][1]" at set_move.sv(14) File: C:/Users/noah-/Documents/CSE371/lab6/set_move.sv Line: 14
Info (10041): Inferred latch for "gamestate_next[9][0]" at set_move.sv(14) File: C:/Users/noah-/Documents/CSE371/lab6/set_move.sv Line: 14
Info (10041): Inferred latch for "gamestate_next[9][1]" at set_move.sv(14) File: C:/Users/noah-/Documents/CSE371/lab6/set_move.sv Line: 14
Info (12128): Elaborating entity "address_decoder" for hierarchy "input_datapath:idp|address_decoder:addresser" File: C:/Users/noah-/Documents/CSE371/lab6/input_datapath.sv Line: 38
Info (12128): Elaborating entity "rom" for hierarchy "input_datapath:idp|rom:rom" File: C:/Users/noah-/Documents/CSE371/lab6/input_datapath.sv Line: 39
Info (12128): Elaborating entity "altsyncram" for hierarchy "input_datapath:idp|rom:rom|altsyncram:altsyncram_component" File: C:/Users/noah-/Documents/CSE371/lab6/rom.v Line: 82
Info (12130): Elaborated megafunction instantiation "input_datapath:idp|rom:rom|altsyncram:altsyncram_component" File: C:/Users/noah-/Documents/CSE371/lab6/rom.v Line: 82
Info (12133): Instantiated megafunction "input_datapath:idp|rom:rom|altsyncram:altsyncram_component" with the following parameter: File: C:/Users/noah-/Documents/CSE371/lab6/rom.v Line: 82
    Info (12134): Parameter "address_aclr_a" = "NONE"
    Info (12134): Parameter "clock_enable_input_a" = "BYPASS"
    Info (12134): Parameter "clock_enable_output_a" = "BYPASS"
    Info (12134): Parameter "init_file" = "tic_tac_toe.mif"
    Info (12134): Parameter "intended_device_family" = "Cyclone V"
    Info (12134): Parameter "lpm_hint" = "ENABLE_RUNTIME_MOD=NO"
    Info (12134): Parameter "lpm_type" = "altsyncram"
    Info (12134): Parameter "numwords_a" = "9"
    Info (12134): Parameter "operation_mode" = "ROM"
    Info (12134): Parameter "outdata_aclr_a" = "NONE"
    Info (12134): Parameter "outdata_reg_a" = "CLOCK0"
    Info (12134): Parameter "ram_block_type" = "M10K"
    Info (12134): Parameter "widthad_a" = "4"
    Info (12134): Parameter "width_a" = "88"
    Info (12134): Parameter "width_byteena_a" = "1"
Info (12021): Found 1 design units, including 1 entities, in source file db/altsyncram_3qh1.tdf
    Info (12023): Found entity 1: altsyncram_3qh1 File: C:/Users/noah-/Documents/CSE371/lab6/db/altsyncram_3qh1.tdf Line: 28
Info (12128): Elaborating entity "altsyncram_3qh1" for hierarchy "input_datapath:idp|rom:rom|altsyncram:altsyncram_component|altsyncram_3qh1:auto_generated" File: c:/intelfpga_lite/17.0/quartus/libraries/megafunctions/altsyncram.tdf Line: 792
Warning (13012): Latch input_datapath:idp|set_move:setter|gamestate_next[0][0] has unsafe behavior File: C:/Users/noah-/Documents/CSE371/lab6/set_move.sv Line: 14
    Warning (13013): Ports D and ENA on the latch are fed by the same signal input_datapath:idp|set_move:setter|WideNor0 File: C:/Users/noah-/Documents/CSE371/lab6/set_move.sv Line: 14
Warning (13012): Latch input_datapath:idp|set_move:setter|gamestate_next[0][1] has unsafe behavior File: C:/Users/noah-/Documents/CSE371/lab6/set_move.sv Line: 14
    Warning (13013): Ports D and ENA on the latch are fed by the same signal input_datapath:idp|set_move:setter|WideNor0 File: C:/Users/noah-/Documents/CSE371/lab6/set_move.sv Line: 14
Warning (13012): Latch input_datapath:idp|set_move:setter|gamestate_next[1][0] has unsafe behavior File: C:/Users/noah-/Documents/CSE371/lab6/set_move.sv Line: 14
    Warning (13013): Ports D and ENA on the latch are fed by the same signal input_datapath:idp|set_move:setter|WideNor0 File: C:/Users/noah-/Documents/CSE371/lab6/set_move.sv Line: 14
Warning (13012): Latch input_datapath:idp|set_move:setter|gamestate_next[1][1] has unsafe behavior File: C:/Users/noah-/Documents/CSE371/lab6/set_move.sv Line: 14
    Warning (13013): Ports D and ENA on the latch are fed by the same signal input_datapath:idp|set_move:setter|WideNor0 File: C:/Users/noah-/Documents/CSE371/lab6/set_move.sv Line: 14
Warning (13012): Latch input_datapath:idp|set_move:setter|gamestate_next[2][0] has unsafe behavior File: C:/Users/noah-/Documents/CSE371/lab6/set_move.sv Line: 14
    Warning (13013): Ports D and ENA on the latch are fed by the same signal input_datapath:idp|set_move:setter|WideNor0 File: C:/Users/noah-/Documents/CSE371/lab6/set_move.sv Line: 14
Warning (13012): Latch input_datapath:idp|set_move:setter|gamestate_next[2][1] has unsafe behavior File: C:/Users/noah-/Documents/CSE371/lab6/set_move.sv Line: 14
    Warning (13013): Ports D and ENA on the latch are fed by the same signal input_datapath:idp|set_move:setter|WideNor0 File: C:/Users/noah-/Documents/CSE371/lab6/set_move.sv Line: 14
Warning (13012): Latch input_datapath:idp|set_move:setter|gamestate_next[3][1] has unsafe behavior File: C:/Users/noah-/Documents/CSE371/lab6/set_move.sv Line: 14
    Warning (13013): Ports D and ENA on the latch are fed by the same signal input_datapath:idp|set_move:setter|WideNor0 File: C:/Users/noah-/Documents/CSE371/lab6/set_move.sv Line: 14
Warning (13012): Latch input_datapath:idp|set_move:setter|gamestate_next[3][0] has unsafe behavior File: C:/Users/noah-/Documents/CSE371/lab6/set_move.sv Line: 14
    Warning (13013): Ports D and ENA on the latch are fed by the same signal input_datapath:idp|set_move:setter|WideNor0 File: C:/Users/noah-/Documents/CSE371/lab6/set_move.sv Line: 14
Warning (13012): Latch input_datapath:idp|set_move:setter|gamestate_next[4][1] has unsafe behavior File: C:/Users/noah-/Documents/CSE371/lab6/set_move.sv Line: 14
    Warning (13013): Ports D and ENA on the latch are fed by the same signal input_datapath:idp|set_move:setter|WideNor0 File: C:/Users/noah-/Documents/CSE371/lab6/set_move.sv Line: 14
Warning (13012): Latch input_datapath:idp|set_move:setter|gamestate_next[4][0] has unsafe behavior File: C:/Users/noah-/Documents/CSE371/lab6/set_move.sv Line: 14
    Warning (13013): Ports D and ENA on the latch are fed by the same signal input_datapath:idp|set_move:setter|WideNor0 File: C:/Users/noah-/Documents/CSE371/lab6/set_move.sv Line: 14
Warning (13012): Latch input_datapath:idp|set_move:setter|gamestate_next[5][1] has unsafe behavior File: C:/Users/noah-/Documents/CSE371/lab6/set_move.sv Line: 14
    Warning (13013): Ports D and ENA on the latch are fed by the same signal input_datapath:idp|set_move:setter|WideNor0 File: C:/Users/noah-/Documents/CSE371/lab6/set_move.sv Line: 14
Warning (13012): Latch input_datapath:idp|set_move:setter|gamestate_next[5][0] has unsafe behavior File: C:/Users/noah-/Documents/CSE371/lab6/set_move.sv Line: 14
    Warning (13013): Ports D and ENA on the latch are fed by the same signal input_datapath:idp|set_move:setter|WideNor0 File: C:/Users/noah-/Documents/CSE371/lab6/set_move.sv Line: 14
Warning (13012): Latch input_datapath:idp|set_move:setter|gamestate_next[6][1] has unsafe behavior File: C:/Users/noah-/Documents/CSE371/lab6/set_move.sv Line: 14
    Warning (13013): Ports D and ENA on the latch are fed by the same signal input_datapath:idp|set_move:setter|WideNor0 File: C:/Users/noah-/Documents/CSE371/lab6/set_move.sv Line: 14
Warning (13012): Latch input_datapath:idp|set_move:setter|gamestate_next[6][0] has unsafe behavior File: C:/Users/noah-/Documents/CSE371/lab6/set_move.sv Line: 14
    Warning (13013): Ports D and ENA on the latch are fed by the same signal input_datapath:idp|set_move:setter|WideNor0 File: C:/Users/noah-/Documents/CSE371/lab6/set_move.sv Line: 14
Warning (13012): Latch input_datapath:idp|set_move:setter|gamestate_next[7][1] has unsafe behavior File: C:/Users/noah-/Documents/CSE371/lab6/set_move.sv Line: 14
    Warning (13013): Ports D and ENA on the latch are fed by the same signal input_datapath:idp|set_move:setter|WideNor0 File: C:/Users/noah-/Documents/CSE371/lab6/set_move.sv Line: 14
Warning (13012): Latch input_datapath:idp|set_move:setter|gamestate_next[7][0] has unsafe behavior File: C:/Users/noah-/Documents/CSE371/lab6/set_move.sv Line: 14
    Warning (13013): Ports D and ENA on the latch are fed by the same signal input_datapath:idp|set_move:setter|WideNor0 File: C:/Users/noah-/Documents/CSE371/lab6/set_move.sv Line: 14
Warning (13012): Latch input_datapath:idp|set_move:setter|gamestate_next[8][1] has unsafe behavior File: C:/Users/noah-/Documents/CSE371/lab6/set_move.sv Line: 14
    Warning (13013): Ports D and ENA on the latch are fed by the same signal input_datapath:idp|set_move:setter|WideNor0 File: C:/Users/noah-/Documents/CSE371/lab6/set_move.sv Line: 14
Warning (13012): Latch input_datapath:idp|set_move:setter|gamestate_next[8][0] has unsafe behavior File: C:/Users/noah-/Documents/CSE371/lab6/set_move.sv Line: 14
    Warning (13013): Ports D and ENA on the latch are fed by the same signal input_datapath:idp|set_move:setter|WideNor0 File: C:/Users/noah-/Documents/CSE371/lab6/set_move.sv Line: 14
Warning (13024): Output pins are stuck at VCC or GND
    Warning (13410): Pin "LEDR[9]" is stuck at GND File: C:/Users/noah-/Documents/CSE371/lab6/input_handler.sv Line: 5
Info (286030): Timing-Driven Synthesis is running
Info (144001): Generated suppressed messages file C:/Users/noah-/Documents/CSE371/lab6/output_files/lab_general.map.smsg
Info (16010): Generating hard_block partition "hard_block:auto_generated_inst"
    Info (16011): Adding 0 node(s), including 0 DDIO, 0 PLL, 0 transceiver and 0 LCELL
Info (21057): Implemented 337 device resources after synthesis - the final resource count might be different
    Info (21058): Implemented 14 input pins
    Info (21059): Implemented 100 output pins
    Info (21061): Implemented 135 logic cells
    Info (21064): Implemented 88 RAM segments
Info: Quartus Prime Analysis & Synthesis was successful. 0 errors, 39 warnings
    Info: Peak virtual memory: 4910 megabytes
    Info: Processing ended: Fri Dec 08 01:08:58 2023
    Info: Elapsed time: 00:00:15
    Info: Total CPU time (on all processors): 00:00:09


+------------------------------------------+
; Analysis & Synthesis Suppressed Messages ;
+------------------------------------------+
The suppressed messages can be found in C:/Users/noah-/Documents/CSE371/lab6/output_files/lab_general.map.smsg.


