------------------------------------------------------------
TimeQuest Timing Analyzer Summary
------------------------------------------------------------

Type  : Slow 1100mV 85C Model Setup 'Clk'
Slack : -1.761
TNS   : -22.253

Type  : Slow 1100mV 85C Model Hold 'Clk'
Slack : 0.477
TNS   : 0.000

Type  : Slow 1100mV 85C Model Minimum Pulse Width 'Clk'
Slack : -0.724
TNS   : -18.908

Type  : Slow 1100mV 0C Model Setup 'Clk'
Slack : -1.857
TNS   : -22.937

Type  : Slow 1100mV 0C Model Hold 'Clk'
Slack : 0.477
TNS   : 0.000

Type  : Slow 1100mV 0C Model Minimum Pulse Width 'Clk'
Slack : -0.724
TNS   : -18.877

Type  : Fast 1100mV 85C Model Setup 'Clk'
Slack : -0.133
TNS   : -0.987

Type  : Fast 1100mV 85C Model Hold 'Clk'
Slack : 0.182
TNS   : 0.000

Type  : Fast 1100mV 85C Model Minimum Pulse Width 'Clk'
Slack : -0.091
TNS   : -1.499

Type  : Fast 1100mV 0C Model Setup 'Clk'
Slack : -0.071
TNS   : -0.115

Type  : Fast 1100mV 0C Model Hold 'Clk'
Slack : 0.171
TNS   : 0.000

Type  : Fast 1100mV 0C Model Minimum Pulse Width 'Clk'
Slack : -0.089
TNS   : -1.465

------------------------------------------------------------
