------------------------------------------------------------
TimeQuest Timing Analyzer Summary
------------------------------------------------------------

Type  : Slow 1100mV 85C Model Setup 'SW[0]'
Slack : -4.330
TNS   : -8.326

Type  : Slow 1100mV 85C Model Setup 'CLOCK_50'
Slack : -2.085
TNS   : -4.153

Type  : Slow 1100mV 85C Model Hold 'CLOCK_50'
Slack : 0.411
TNS   : 0.000

Type  : Slow 1100mV 85C Model Hold 'SW[0]'
Slack : 1.429
TNS   : 0.000

Type  : Slow 1100mV 85C Model Minimum Pulse Width 'CLOCK_50'
Slack : -0.724
TNS   : -2.214

Type  : Slow 1100mV 85C Model Minimum Pulse Width 'SW[0]'
Slack : 0.427
TNS   : 0.000

Type  : Slow 1100mV 0C Model Setup 'SW[0]'
Slack : -4.491
TNS   : -8.604

Type  : Slow 1100mV 0C Model Setup 'CLOCK_50'
Slack : -2.044
TNS   : -4.074

Type  : Slow 1100mV 0C Model Hold 'CLOCK_50'
Slack : 0.235
TNS   : 0.000

Type  : Slow 1100mV 0C Model Hold 'SW[0]'
Slack : 1.152
TNS   : 0.000

Type  : Slow 1100mV 0C Model Minimum Pulse Width 'CLOCK_50'
Slack : -0.724
TNS   : -2.214

Type  : Slow 1100mV 0C Model Minimum Pulse Width 'SW[0]'
Slack : 0.388
TNS   : 0.000

Type  : Fast 1100mV 85C Model Setup 'SW[0]'
Slack : -2.314
TNS   : -4.471

Type  : Fast 1100mV 85C Model Setup 'CLOCK_50'
Slack : -1.191
TNS   : -2.366

Type  : Fast 1100mV 85C Model Hold 'CLOCK_50'
Slack : 0.026
TNS   : 0.000

Type  : Fast 1100mV 85C Model Hold 'SW[0]'
Slack : 0.707
TNS   : 0.000

Type  : Fast 1100mV 85C Model Minimum Pulse Width 'CLOCK_50'
Slack : -0.084
TNS   : -0.168

Type  : Fast 1100mV 85C Model Minimum Pulse Width 'SW[0]'
Slack : 0.073
TNS   : 0.000

Type  : Fast 1100mV 0C Model Setup 'SW[0]'
Slack : -2.082
TNS   : -4.010

Type  : Fast 1100mV 0C Model Setup 'CLOCK_50'
Slack : -1.033
TNS   : -2.053

Type  : Fast 1100mV 0C Model Hold 'CLOCK_50'
Slack : -0.005
TNS   : -0.005

Type  : Fast 1100mV 0C Model Hold 'SW[0]'
Slack : 0.550
TNS   : 0.000

Type  : Fast 1100mV 0C Model Minimum Pulse Width 'CLOCK_50'
Slack : -0.086
TNS   : -0.172

Type  : Fast 1100mV 0C Model Minimum Pulse Width 'SW[0]'
Slack : 0.067
TNS   : 0.000

------------------------------------------------------------
